hello this is a test log and without time.
